  Ôû▓ Next.js 14.2.25
  - Environments: .env.local, .env

   Creating an optimized production build ...
 Ô£ô Compiled successfully
   Linting and checking validity of types ...
node.exe : Failed to compile.
En C:\Program Files\nodejs\npx.ps1: 29 Carácter: 3
+   & $NODE_EXE $NPX_CLI_JS $args
+   ~~~~~~~~~~~~~~~~~~~~~~~~~~~~~
    + CategoryInfo          : NotSpecified: (Failed to compile.:String) [], RemoteException
    + FullyQualifiedErrorId : NativeCommandError
 

./components/ui/BatterySeoBlock.tsx:117:30
Type error: Cannot find name 'dataText'.

[0m [90m 115 |[39m             [33m<[39m[33mh3[39m className[33m=[39m[32m"text-xl font-black mb-4 text-white 
tracking-tight"[39m[33m>[39m[33mAn├ílisis[39m del [33mProyecto[39m[33m:[39m {irrad} 
kWh[33m/[39mm┬▓[33m<[39m[33m/[39m[33mh3[39m[33m>[39m[0m
[0m [90m 116 |[39m             [33m<[39m[33mp[39m className[33m=[39m[32m"text-slate-400 text-sm md:text-base 
leading-relaxed font-medium"[39m[33m>[39m[0m
[0m[31m[1m>[22m[39m[90m 117 |[39m               {parseMarkdown(dataText)} {parseMarkdown(closing)}[0m
[0m [90m     |[39m                              [31m[1m^[22m[39m[0m
[0m [90m 118 |[39m             [33m<[39m[33m/[39m[33mp[39m[33m>[39m[0m
[0m [90m 119 |[39m           [33m<[39m[33m/[39m[33mdiv[39m[33m>[39m[0m
[0m [90m 120 |[39m           [33m<[39m[33mdiv[39m className[33m=[39m[32m"shrink-0 bg-white/5 
backdrop-blur-md p-6 rounded-[2rem] border border-white/10 text-center min-w-[200px]"[39m[33m>[39m[0m
Next.js build worker exited with code: 1 and signal: null
