  Ôû▓ Next.js 14.2.25
  - Environments: .env.local, .env

   Creating an optimized production build ...
 Ô£ô Compiled successfully
   Linting and checking validity of types ...
node.exe : Failed to compile.
En C:\Program Files\nodejs\npx.ps1: 29 
Carácter: 3
+   & $NODE_EXE $NPX_CLI_JS $args
+   ~~~~~~~~~~~~~~~~~~~~~~~~~~~~~
    + CategoryInfo          : NotSpecified: ( 
   Failed to compile.:String) [], RemoteExce  
  ption
    + FullyQualifiedErrorId : NativeCommandEr 
   ror
 

./components/blocks/WeatherSection.tsx:33:6
Type error: Property 'provincia' is missing 
in type '{ children: Element[]; municipio: 
string; municipioSlug: string; }' but 
required in type 'WeatherProviderProps'.

[0m [90m 31 |[39m }[33m:[39m 
[33mWeatherSectionProps[39m) {[0m
[0m [90m 32 |[39m   [36mreturn[39m ([0m
[0m[31m[1m>[22m[39m[90m 33 |[39m     
[33m<[39m[33mWeatherProvider[39m 
municipio[33m=[39m{municipio} municipioSlug
[33m=[39m{municipioSlug}[33m>[39m[0m
[0m [90m    |[39m      
[31m[1m^[22m[39m[0m
[0m [90m 34 |[39m       {[90m/* 1. CRO 
Urgency Banner ÔÇö high visibility, above the 
fold */[39m}[0m
[0m [90m 35 |[39m       
[33m<[39m[33mCroUrgencyBanner[39m[0m
[0m [90m 36 |[39m         
municipio[33m=[39m{municipio}[0m
Next.js build worker exited with code: 1 and 
signal: null
